Wich's the name of the coolest pokemon league?*pikateck
Who made this bot*kcool
Wich's the #25 and cutest pokemon?*pikachu
Where can you find mankeys in the red version?*in the upper part of the pokemon breeding center
Wich's the #100 pokemon*Voltorb
Who makes almost all the songs for pokemon 2 b a master*n'sync
Wich's the name of the next evolution of slowbro?*slowking
Where's the home of the pokemon cartoons?*kids wb
Who is gary?*Ash's rival
What does the C stand for in the equation E=mc2*Speed of light
Which's the name for the pokemon movie?*The first movie
Wich's the name for the talking-pokemon watches?*c-watches
Wich's the #1 fossil card in rarety?*Areodactyl 
How many pokemons ash has NOW?*7
What did Wilhelm Roentgen discover in 1895?*X-rays
What does team rocket wants to do with pikachu*Steal him
Who is the owner of teamrocket?*Giovanni
Who is Richie?*The newest friend of ash
Is misty hot?*yes
Misty likes ash?*yes
How old is ash?*10
How old is misty?*12
Wich's the name of the pokemon that's helping ash's mom?*Mr. MiMe
How old is brock?*Unknown
Wich's the longest pokemon*Onix
Who's the lightest pokemon*Gastly
Wich's the #4 card in fossil in rarety*Dragonite
Do you like my bot?*yes
Who should be emailed for questions*flipper@redriver.net
Who created TriviaServ*flipper
Earth's outer layer of surface soil or crust is called the*lithosphere
This county has the lowest point in South America*argentina
What US City is known as The River capital of the world*Akron
Who created Maudie Frickett*Jonathan Winters
Who saught to create The Great Society*Lyndon Johnson
Who wrote the Father Brown crime stories*GK Chesterton
Football - The Dallas _______*cowboys
What does the C stand for in the equation E=mc2*Speed of light
What's a funambulist*tightrope walker
What's the worlds widest river*Amazon
What weapon is tattooed on Glen Campell's arm*dagger
Who was kidnaped on the night of March 1, 1932*Charles Lindbergh Jr
What subject did Mr. Chips teach*Latin
What did Wilhelm Roentgen discover in 1895*X-rays
What's the better-known name of the card game Twenty-One*Blackjack
Football - The Denver ______*broncos
What are the Twin Cities*Minneapolis and St Paul
What film did Art Carney win the 1974 best actor Oscar for*Harry and Tonto
What organization was given the only Nobel Peace Price awarded during World War I*International Red Cross
What day of the week did Solomon Grundy die*Saturday
What's the only day named for a planet*Saturday
What is 2 + 2*4
What hobby was developed by the Palmer Paint company of Detriot*Painting by numbers
BaseBall - The Texas _______*rangers
What's the capital of Wyoming*cheyenne
Where's the famed Arch of Hadrian*ahtens
What tropic passes through Australia*capricorn
What's the longest river in Asia*yangtze
Where is Dam Square*Amsterdam
What's the largest meseum in the world*louvre
Who was winnie the pooh's neighbor*piglet
What seaport's name is Spanish for white house*casablanca
Who signed the Thanksgiving Proclamation*Abraham Lincoln
Which freezes faster hot or cold water*hot
Starwars - Who is C3-PO's sidekick*R2 D2
Football - The Dallas _______*cowboys
Football - The Denver ______*broncos
BaseBall - The Texas _______*rangers
Which freezes faster hot or cold water*hot
Starwars - Who is C3-PO's sidekick*R2 D2
Television - The wizard of ____*OZ
BaseBall - The Chicago ____*cubs
This company uses the slogan AOL*america on line
What color do you get in mirc using control code number 4*4red
Enter your a/s/l*your a/s/l
Railroad crossing look out for cars, can you spell that, without and r's*that
Bone Thungs N ?*Harmony
